2026-07-24 04:11:24.589: [INFO] OnDoneLoading sync enabled: 0
2026-07-24 04:11:49.173: [INFO] OnDoneLoading sync enabled: 0
2026-07-24 04:33:32.695: [INFO] OnDoneLoading sync enabled: 0
2026-07-24 04:40:30.776: [INFO] OnDoneLoading sync enabled: 0
2026-07-24 05:01:52.642: [INFO] OnDoneLoading sync enabled: 0
2026-07-24 07:30:19.229: [INFO] OnDoneLoading sync enabled: 0
2026-07-24 07:35:41.867: [INFO] OnDoneLoading sync enabled: 0
2026-07-24 07:43:07.212: [INFO] OnDoneLoading sync enabled: 0
2026-07-24 07:50:58.333: [INFO] OnDoneLoading sync enabled: 0
2026-07-24 07:59:24.170: [INFO] OnDoneLoading sync enabled: 0
2026-07-24 09:37:54.453: [INFO] OnDoneLoading sync enabled: 0
2026-07-24 11:10:41.682: [INFO] OnDoneLoading sync enabled: 0
2026-07-24 11:28:31.316: [INFO] OnDoneLoading sync enabled: 0
2026-07-24 11:47:52.614: [INFO] OnDoneLoading sync enabled: 0
2026-07-25 04:35:14.425: [INFO] OnDoneLoading sync enabled: 0
2026-07-25 04:41:10.831: [INFO] OnDoneLoading sync enabled: 0
2026-07-25 04:43:26.617: [INFO] OnDoneLoading sync enabled: 0
2026-07-25 05:09:05.822: [INFO] OnDoneLoading sync enabled: 0
2026-07-25 05:11:21.494: [INFO] OnDoneLoading sync enabled: 0
2026-07-25 05:16:38.341: [INFO] OnDoneLoading sync enabled: 0
2026-07-25 05:20:40.767: [INFO] OnDoneLoading sync enabled: 0
2026-07-25 05:21:57.910: [INFO] OnDoneLoading sync enabled: 0
2026-07-25 05:22:09.994: [INFO] OnDoneLoading sync enabled: 0
2026-07-25 05:27:02.746: [INFO] OnDoneLoading sync enabled: 0
2026-07-26 03:01:25.086: [INFO] OnDoneLoading sync enabled: 0
2026-07-26 03:13:40.036: [INFO] OnDoneLoading sync enabled: 0
2026-07-26 03:15:23.144: [INFO] OnDoneLoading sync enabled: 0
2026-07-26 03:33:43.881: [INFO] OnDoneLoading sync enabled: 0
2026-07-26 03:37:55.543: [INFO] OnDoneLoading sync enabled: 0
2026-07-26 06:03:20.409: [INFO] OnDoneLoading sync enabled: 0
2026-07-26 07:05:15.715: [INFO] OnDoneLoading sync enabled: 0
2026-07-26 07:07:46.858: [INFO] OnDoneLoading sync enabled: 0
2026-07-26 07:10:42.753: [INFO] OnDoneLoading sync enabled: 0
2026-07-26 07:11:35.015: [INFO] OnDoneLoading sync enabled: 0
2026-07-26 07:17:45.699: [INFO] OnDoneLoading sync enabled: 0
2026-07-26 07:22:54.915: [INFO] OnDoneLoading sync enabled: 0
2026-07-26 07:33:29.159: [INFO] OnDoneLoading sync enabled: 0
2026-07-26 07:46:54.656: [INFO] OnDoneLoading sync enabled: 0
2026-07-26 07:49:40.174: [INFO] OnDoneLoading sync enabled: 0
2026-07-26 07:49:42.072: [INFO] OnDoneLoading sync enabled: 0
2026-07-26 12:03:29.267: [INFO] OnDoneLoading sync enabled: 0
2026-07-26 12:08:28.735: [INFO] OnDoneLoading sync enabled: 0
2026-07-26 12:09:29.908: [INFO] OnDoneLoading sync enabled: 0
2026-07-26 12:44:30.387: [INFO] OnDoneLoading sync enabled: 0
2026-07-26 12:44:37.701: [INFO] OnDoneLoading sync enabled: 0
2026-07-26 15:15:47.954: [INFO] OnDoneLoading sync enabled: 0
2026-07-27 04:43:35.616: [INFO] OnDoneLoading sync enabled: 0
2026-07-27 10:51:10.983: [INFO] OnDoneLoading sync enabled: 0
2026-07-27 11:50:11.474: [INFO] OnDoneLoading sync enabled: 0
2026-07-27 12:14:57.058: [INFO] OnDoneLoading sync enabled: 0
2026-07-27 12:22:56.033: [INFO] OnDoneLoading sync enabled: 0
2026-07-27 15:40:48.571: [INFO] OnDoneLoading sync enabled: 0
2026-08-05 12:52:56.622: [INFO] CurrentProfilePath: C:\Users\Hi\HRMS-Portal\.metadata\.plugins\org.eclipse.swt\EBWebView\Default
2026-08-05 12:52:56.622: [INFO] Profiles total count: 1
2026-08-05 12:52:56.625: [INFO] Profile: name=Profile 1 path=C:\Users\Hi\HRMS-Portal\.metadata\.plugins\org.eclipse.swt\EBWebView\Default lastActive=2026-07-27T10:51:28.349Z
2026-08-05 12:52:56.625: [INFO] LastUsedProfileDir: C:\Users\Hi\HRMS-Portal\.metadata\.plugins\org.eclipse.swt\EBWebView\Default
2026-08-05 12:52:56.625: [INFO] MostRecentlyActiveProfile: name=Profile 1 path=C:\Users\Hi\HRMS-Portal\.metadata\.plugins\org.eclipse.swt\EBWebView\Default lastActive=2026-07-27T10:51:28.349Z
2026-08-05 12:52:56.625: [INFO] OnDoneLoading sync enabled: 0
2026-08-05 12:52:56.625: [INFO] BookmarkModelLoaded, ids_reassigned: 0
2026-08-05 12:52:56.625: [INFO] BookmarksLoadDropped droppedNodes=0
2026-08-05 12:52:56.625: [INFO] BookmarksSnapshot Startup total=0 bar=0 other=0 mobile=0 showBar=0 showBarNTP=1
2026-08-05 13:00:23.988: [INFO] BookmarksSnapshot Shutdown total=0 bar=0 other=0 mobile=0 showBar=0 showBarNTP=1
2026-08-05 14:13:10.169: [INFO] CurrentProfilePath: C:\Users\Hi\HRMS-Portal\.metadata\.plugins\org.eclipse.swt\EBWebView\Default
2026-08-05 14:13:10.169: [INFO] Profiles total count: 1
2026-08-05 14:13:10.173: [INFO] Profile: name=Profile 1 path=C:\Users\Hi\HRMS-Portal\.metadata\.plugins\org.eclipse.swt\EBWebView\Default lastActive=2026-08-05T13:00:23.260Z
2026-08-05 14:13:10.173: [INFO] LastUsedProfileDir: C:\Users\Hi\HRMS-Portal\.metadata\.plugins\org.eclipse.swt\EBWebView\Default
2026-08-05 14:13:10.173: [INFO] MostRecentlyActiveProfile: name=Profile 1 path=C:\Users\Hi\HRMS-Portal\.metadata\.plugins\org.eclipse.swt\EBWebView\Default lastActive=2026-08-05T13:00:23.260Z
2026-08-05 14:13:10.173: [INFO] OnDoneLoading sync enabled: 0
2026-08-05 14:13:10.173: [INFO] BookmarkModelLoaded, ids_reassigned: 0
2026-08-05 14:13:10.173: [INFO] BookmarksLoadDropped droppedNodes=0
2026-08-05 14:13:10.173: [INFO] BookmarksSnapshot Startup total=0 bar=0 other=0 mobile=0 showBar=0 showBarNTP=1
2026-08-05 14:16:10.709: [INFO] BookmarksSnapshot Shutdown total=0 bar=0 other=0 mobile=0 showBar=0 showBarNTP=1
2026-08-05 14:40:22.109: [INFO] CurrentProfilePath: C:\Users\Hi\HRMS-Portal\.metadata\.plugins\org.eclipse.swt\EBWebView\Default
2026-08-05 14:40:22.109: [INFO] Profiles total count: 1
2026-08-05 14:40:22.110: [INFO] Profile: name=Profile 1 path=C:\Users\Hi\HRMS-Portal\.metadata\.plugins\org.eclipse.swt\EBWebView\Default lastActive=2026-08-05T13:00:23.260Z
2026-08-05 14:40:22.110: [INFO] LastUsedProfileDir: C:\Users\Hi\HRMS-Portal\.metadata\.plugins\org.eclipse.swt\EBWebView\Default
2026-08-05 14:40:22.111: [INFO] MostRecentlyActiveProfile: name=Profile 1 path=C:\Users\Hi\HRMS-Portal\.metadata\.plugins\org.eclipse.swt\EBWebView\Default lastActive=2026-08-05T13:00:23.260Z
2026-08-05 14:40:22.111: [INFO] OnDoneLoading sync enabled: 0
2026-08-05 14:40:22.111: [INFO] BookmarkModelLoaded, ids_reassigned: 0
2026-08-05 14:40:22.111: [INFO] BookmarksLoadDropped droppedNodes=0
2026-08-05 14:40:22.111: [INFO] BookmarksSnapshot Startup total=0 bar=0 other=0 mobile=0 showBar=0 showBarNTP=1
2026-08-05 14:54:59.546: [INFO] BookmarksSnapshot Shutdown total=0 bar=0 other=0 mobile=0 showBar=0 showBarNTP=1
2026-08-05 14:58:26.842: [INFO] CurrentProfilePath: C:\Users\Hi\HRMS-Portal\.metadata\.plugins\org.eclipse.swt\EBWebView\Default
2026-08-05 14:58:26.842: [INFO] Profiles total count: 1
2026-08-05 14:58:26.843: [INFO] Profile: name=Profile 1 path=C:\Users\Hi\HRMS-Portal\.metadata\.plugins\org.eclipse.swt\EBWebView\Default lastActive=2026-08-05T13:00:23.260Z
2026-08-05 14:58:26.843: [INFO] LastUsedProfileDir: C:\Users\Hi\HRMS-Portal\.metadata\.plugins\org.eclipse.swt\EBWebView\Default
2026-08-05 14:58:26.843: [INFO] MostRecentlyActiveProfile: name=Profile 1 path=C:\Users\Hi\HRMS-Portal\.metadata\.plugins\org.eclipse.swt\EBWebView\Default lastActive=2026-08-05T13:00:23.260Z
2026-08-05 14:58:26.843: [INFO] OnDoneLoading sync enabled: 0
2026-08-05 14:58:26.843: [INFO] BookmarkModelLoaded, ids_reassigned: 0
2026-08-05 14:58:26.843: [INFO] BookmarksLoadDropped droppedNodes=0
2026-08-05 14:58:26.843: [INFO] BookmarksSnapshot Startup total=0 bar=0 other=0 mobile=0 showBar=0 showBarNTP=1
2026-08-05 15:33:25.759: [INFO] BookmarksSnapshot Shutdown total=0 bar=0 other=0 mobile=0 showBar=0 showBarNTP=1
2026-08-06 14:36:22.002: [INFO] CurrentProfilePath: C:\Users\Hi\HRMS-Portal\.metadata\.plugins\org.eclipse.swt\EBWebView\Default
2026-08-06 14:36:22.002: [INFO] Profiles total count: 1
2026-08-06 14:36:22.003: [INFO] Profile: name=Profile 1 path=C:\Users\Hi\HRMS-Portal\.metadata\.plugins\org.eclipse.swt\EBWebView\Default lastActive=2026-08-05T13:00:23.260Z
2026-08-06 14:36:22.003: [INFO] LastUsedProfileDir: C:\Users\Hi\HRMS-Portal\.metadata\.plugins\org.eclipse.swt\EBWebView\Default
2026-08-06 14:36:22.003: [INFO] MostRecentlyActiveProfile: name=Profile 1 path=C:\Users\Hi\HRMS-Portal\.metadata\.plugins\org.eclipse.swt\EBWebView\Default lastActive=2026-08-05T13:00:23.260Z
2026-08-06 14:36:22.003: [INFO] OnDoneLoading sync enabled: 0
2026-08-06 14:36:22.003: [INFO] BookmarkModelLoaded, ids_reassigned: 0
2026-08-06 14:36:22.003: [INFO] BookmarksLoadDropped droppedNodes=0
2026-08-06 14:36:22.003: [INFO] BookmarksSnapshot Startup total=0 bar=0 other=0 mobile=0 showBar=0 showBarNTP=1
2026-08-06 14:47:43.166: [INFO] BookmarksSnapshot Shutdown total=0 bar=0 other=0 mobile=0 showBar=0 showBarNTP=1
2026-08-06 15:37:53.408: [INFO] CurrentProfilePath: C:\Users\Hi\HRMS-Portal\.metadata\.plugins\org.eclipse.swt\EBWebView\Default
2026-08-06 15:37:53.408: [INFO] Profiles total count: 1
2026-08-06 15:37:53.412: [INFO] Profile: name=Profile 1 path=C:\Users\Hi\HRMS-Portal\.metadata\.plugins\org.eclipse.swt\EBWebView\Default lastActive=2026-08-06T14:47:39.248Z
2026-08-06 15:37:53.412: [INFO] LastUsedProfileDir: C:\Users\Hi\HRMS-Portal\.metadata\.plugins\org.eclipse.swt\EBWebView\Default
2026-08-06 15:37:53.412: [INFO] MostRecentlyActiveProfile: name=Profile 1 path=C:\Users\Hi\HRMS-Portal\.metadata\.plugins\org.eclipse.swt\EBWebView\Default lastActive=2026-08-06T14:47:39.248Z
2026-08-06 15:37:53.412: [INFO] OnDoneLoading sync enabled: 0
2026-08-06 15:37:53.412: [INFO] BookmarkModelLoaded, ids_reassigned: 0
2026-08-06 15:37:53.412: [INFO] BookmarksLoadDropped droppedNodes=0
2026-08-06 15:37:53.412: [INFO] BookmarksSnapshot Startup total=0 bar=0 other=0 mobile=0 showBar=0 showBarNTP=1
2026-08-06 15:41:12.020: [INFO] BookmarksSnapshot Shutdown total=0 bar=0 other=0 mobile=0 showBar=0 showBarNTP=1
2026-08-06 15:55:33.767: [INFO] CurrentProfilePath: C:\Users\Hi\HRMS-Portal\.metadata\.plugins\org.eclipse.swt\EBWebView\Default
2026-08-06 15:55:33.767: [INFO] Profiles total count: 1
2026-08-06 15:55:33.770: [INFO] Profile: name=Profile 1 path=C:\Users\Hi\HRMS-Portal\.metadata\.plugins\org.eclipse.swt\EBWebView\Default lastActive=2026-08-06T14:47:39.248Z
2026-08-06 15:55:33.770: [INFO] LastUsedProfileDir: C:\Users\Hi\HRMS-Portal\.metadata\.plugins\org.eclipse.swt\EBWebView\Default
2026-08-06 15:55:33.770: [INFO] MostRecentlyActiveProfile: name=Profile 1 path=C:\Users\Hi\HRMS-Portal\.metadata\.plugins\org.eclipse.swt\EBWebView\Default lastActive=2026-08-06T14:47:39.248Z
2026-08-06 15:55:33.770: [INFO] OnDoneLoading sync enabled: 0
2026-08-06 15:55:33.770: [INFO] BookmarkModelLoaded, ids_reassigned: 0
2026-08-06 15:55:33.770: [INFO] BookmarksLoadDropped droppedNodes=0
2026-08-06 15:55:33.770: [INFO] BookmarksSnapshot Startup total=0 bar=0 other=0 mobile=0 showBar=0 showBarNTP=1
2026-08-06 15:57:14.713: [INFO] BookmarksSnapshot Shutdown total=0 bar=0 other=0 mobile=0 showBar=0 showBarNTP=1
2026-08-06 16:01:09.210: [INFO] CurrentProfilePath: C:\Users\Hi\HRMS-Portal\.metadata\.plugins\org.eclipse.swt\EBWebView\Default
2026-08-06 16:01:09.210: [INFO] Profiles total count: 1
2026-08-06 16:01:09.211: [INFO] Profile: name=Profile 1 path=C:\Users\Hi\HRMS-Portal\.metadata\.plugins\org.eclipse.swt\EBWebView\Default lastActive=2026-08-06T14:47:39.248Z
2026-08-06 16:01:09.211: [INFO] LastUsedProfileDir: C:\Users\Hi\HRMS-Portal\.metadata\.plugins\org.eclipse.swt\EBWebView\Default
2026-08-06 16:01:09.211: [INFO] MostRecentlyActiveProfile: name=Profile 1 path=C:\Users\Hi\HRMS-Portal\.metadata\.plugins\org.eclipse.swt\EBWebView\Default lastActive=2026-08-06T14:47:39.248Z
2026-08-06 16:01:09.211: [INFO] OnDoneLoading sync enabled: 0
2026-08-06 16:01:09.211: [INFO] BookmarkModelLoaded, ids_reassigned: 0
2026-08-06 16:01:09.211: [INFO] BookmarksLoadDropped droppedNodes=0
2026-08-06 16:01:09.211: [INFO] BookmarksSnapshot Startup total=0 bar=0 other=0 mobile=0 showBar=0 showBarNTP=1
2026-08-06 16:06:31.476: [INFO] BookmarksSnapshot Shutdown total=0 bar=0 other=0 mobile=0 showBar=0 showBarNTP=1
2026-08-06 16:31:27.286: [INFO] CurrentProfilePath: C:\Users\Hi\HRMS-Portal\.metadata\.plugins\org.eclipse.swt\EBWebView\Default
2026-08-06 16:31:27.286: [INFO] Profiles total count: 1
2026-08-06 16:31:27.289: [INFO] Profile: name=Profile 1 path=C:\Users\Hi\HRMS-Portal\.metadata\.plugins\org.eclipse.swt\EBWebView\Default lastActive=2026-08-06T14:47:39.248Z
2026-08-06 16:31:27.289: [INFO] LastUsedProfileDir: C:\Users\Hi\HRMS-Portal\.metadata\.plugins\org.eclipse.swt\EBWebView\Default
2026-08-06 16:31:27.289: [INFO] MostRecentlyActiveProfile: name=Profile 1 path=C:\Users\Hi\HRMS-Portal\.metadata\.plugins\org.eclipse.swt\EBWebView\Default lastActive=2026-08-06T14:47:39.248Z
2026-08-06 16:31:27.289: [INFO] OnDoneLoading sync enabled: 0
2026-08-06 16:31:27.289: [INFO] BookmarkModelLoaded, ids_reassigned: 0
2026-08-06 16:31:27.289: [INFO] BookmarksLoadDropped droppedNodes=0
2026-08-06 16:31:27.289: [INFO] BookmarksSnapshot Startup total=0 bar=0 other=0 mobile=0 showBar=0 showBarNTP=1
2026-08-06 16:47:40.947: [INFO] BookmarksSnapshot Shutdown total=0 bar=0 other=0 mobile=0 showBar=0 showBarNTP=1
2026-08-11 10:08:58.410: [INFO] CurrentProfilePath: C:\Users\Hi\HRMS-Portal\.metadata\.plugins\org.eclipse.swt\EBWebView\Default
2026-08-11 10:08:58.410: [INFO] Profiles total count: 1
2026-08-11 10:08:58.414: [INFO] Profile: name=Profile 1 path=C:\Users\Hi\HRMS-Portal\.metadata\.plugins\org.eclipse.swt\EBWebView\Default lastActive=2026-08-06T14:47:39.248Z
2026-08-11 10:08:58.414: [INFO] LastUsedProfileDir: C:\Users\Hi\HRMS-Portal\.metadata\.plugins\org.eclipse.swt\EBWebView\Default
2026-08-11 10:08:58.414: [INFO] MostRecentlyActiveProfile: name=Profile 1 path=C:\Users\Hi\HRMS-Portal\.metadata\.plugins\org.eclipse.swt\EBWebView\Default lastActive=2026-08-06T14:47:39.248Z
2026-08-11 10:08:58.414: [INFO] OnDoneLoading sync enabled: 0
2026-08-11 10:08:58.414: [INFO] BookmarkModelLoaded, ids_reassigned: 0
2026-08-11 10:08:58.414: [INFO] BookmarksLoadDropped droppedNodes=0
2026-08-11 10:08:58.415: [INFO] BookmarksSnapshot Startup total=0 bar=0 other=0 mobile=0 showBar=0 showBarNTP=1
2026-08-11 12:34:11.856: [INFO] BookmarksSnapshot Shutdown total=0 bar=0 other=0 mobile=0 showBar=0 showBarNTP=1
2026-08-12 04:19:15.944: [INFO] CurrentProfilePath: C:\Users\Hi\HRMS-Portal\.metadata\.plugins\org.eclipse.swt\EBWebView\Default
2026-08-12 04:19:15.944: [INFO] Profiles total count: 1
2026-08-12 04:19:15.951: [INFO] Profile: name=Profile 1 path=C:\Users\Hi\HRMS-Portal\.metadata\.plugins\org.eclipse.swt\EBWebView\Default lastActive=2026-08-06T14:47:39.248Z
2026-08-12 04:19:15.951: [INFO] LastUsedProfileDir: C:\Users\Hi\HRMS-Portal\.metadata\.plugins\org.eclipse.swt\EBWebView\Default
2026-08-12 04:19:15.951: [INFO] MostRecentlyActiveProfile: name=Profile 1 path=C:\Users\Hi\HRMS-Portal\.metadata\.plugins\org.eclipse.swt\EBWebView\Default lastActive=2026-08-06T14:47:39.248Z
2026-08-12 04:19:15.951: [INFO] OnDoneLoading sync enabled: 0
2026-08-12 04:19:15.951: [INFO] BookmarkModelLoaded, ids_reassigned: 0
2026-08-12 04:19:15.951: [INFO] BookmarksLoadDropped droppedNodes=0
2026-08-12 04:19:15.951: [INFO] BookmarksSnapshot Startup total=0 bar=0 other=0 mobile=0 showBar=0 showBarNTP=1
2026-08-12 04:21:31.916: [INFO] BookmarksSnapshot Shutdown total=0 bar=0 other=0 mobile=0 showBar=0 showBarNTP=1
2026-08-12 04:24:36.080: [INFO] CurrentProfilePath: C:\Users\Hi\HRMS-Portal\.metadata\.plugins\org.eclipse.swt\EBWebView\Default
2026-08-12 04:24:36.080: [INFO] Profiles total count: 1
2026-08-12 04:24:36.083: [INFO] Profile: name=Profile 1 path=C:\Users\Hi\HRMS-Portal\.metadata\.plugins\org.eclipse.swt\EBWebView\Default lastActive=2026-08-12T04:21:30.795Z
2026-08-12 04:24:36.083: [INFO] LastUsedProfileDir: C:\Users\Hi\HRMS-Portal\.metadata\.plugins\org.eclipse.swt\EBWebView\Default
2026-08-12 04:24:36.083: [INFO] MostRecentlyActiveProfile: name=Profile 1 path=C:\Users\Hi\HRMS-Portal\.metadata\.plugins\org.eclipse.swt\EBWebView\Default lastActive=2026-08-12T04:21:30.795Z
2026-08-12 04:24:36.083: [INFO] OnDoneLoading sync enabled: 0
2026-08-12 04:24:36.083: [INFO] BookmarkModelLoaded, ids_reassigned: 0
2026-08-12 04:24:36.083: [INFO] BookmarksLoadDropped droppedNodes=0
2026-08-12 04:24:36.083: [INFO] BookmarksSnapshot Startup total=0 bar=0 other=0 mobile=0 showBar=0 showBarNTP=1
2026-08-12 12:25:47.973: [INFO] BookmarksSnapshot Shutdown total=0 bar=0 other=0 mobile=0 showBar=0 showBarNTP=1
2026-08-12 14:46:19.370: [INFO] CurrentProfilePath: C:\Users\Hi\HRMS-Portal\.metadata\.plugins\org.eclipse.swt\EBWebView\Default
2026-08-12 14:46:19.370: [INFO] Profiles total count: 1
2026-08-12 14:46:19.371: [INFO] Profile: name=Profile 1 path=C:\Users\Hi\HRMS-Portal\.metadata\.plugins\org.eclipse.swt\EBWebView\Default lastActive=2026-08-12T04:46:37.915Z
2026-08-12 14:46:19.371: [INFO] LastUsedProfileDir: C:\Users\Hi\HRMS-Portal\.metadata\.plugins\org.eclipse.swt\EBWebView\Default
2026-08-12 14:46:19.371: [INFO] MostRecentlyActiveProfile: name=Profile 1 path=C:\Users\Hi\HRMS-Portal\.metadata\.plugins\org.eclipse.swt\EBWebView\Default lastActive=2026-08-12T04:46:37.915Z
2026-08-12 14:46:19.371: [INFO] OnDoneLoading sync enabled: 0
2026-08-12 14:46:19.371: [INFO] BookmarkModelLoaded, ids_reassigned: 0
2026-08-12 14:46:19.371: [INFO] BookmarksLoadDropped droppedNodes=0
2026-08-12 14:46:19.371: [INFO] BookmarksSnapshot Startup total=0 bar=0 other=0 mobile=0 showBar=0 showBarNTP=1
2026-08-12 18:02:05.154: [INFO] BookmarksSnapshot Shutdown total=0 bar=0 other=0 mobile=0 showBar=0 showBarNTP=1
2026-08-13 04:32:11.730: [INFO] CurrentProfilePath: C:\Users\Hi\HRMS-Portal\.metadata\.plugins\org.eclipse.swt\EBWebView\Default
2026-08-13 04:32:11.730: [INFO] Profiles total count: 1
2026-08-13 04:32:11.733: [INFO] Profile: name=Profile 1 path=C:\Users\Hi\HRMS-Portal\.metadata\.plugins\org.eclipse.swt\EBWebView\Default lastActive=2026-08-12T14:48:55.186Z
2026-08-13 04:32:11.733: [INFO] LastUsedProfileDir: C:\Users\Hi\HRMS-Portal\.metadata\.plugins\org.eclipse.swt\EBWebView\Default
2026-08-13 04:32:11.733: [INFO] MostRecentlyActiveProfile: name=Profile 1 path=C:\Users\Hi\HRMS-Portal\.metadata\.plugins\org.eclipse.swt\EBWebView\Default lastActive=2026-08-12T14:48:55.186Z
2026-08-13 04:32:11.733: [INFO] OnDoneLoading sync enabled: 0
2026-08-13 04:32:11.733: [INFO] BookmarkModelLoaded, ids_reassigned: 0
2026-08-13 04:32:11.733: [INFO] BookmarksLoadDropped droppedNodes=0
2026-08-13 04:32:11.734: [INFO] BookmarksSnapshot Startup total=0 bar=0 other=0 mobile=0 showBar=0 showBarNTP=1
2026-08-13 07:34:05.657: [INFO] BookmarksSnapshot Shutdown total=0 bar=0 other=0 mobile=0 showBar=0 showBarNTP=1
2026-08-13 08:32:08.114: [INFO] CurrentProfilePath: C:\Users\Hi\HRMS-Portal\.metadata\.plugins\org.eclipse.swt\EBWebView\Default
2026-08-13 08:32:08.114: [INFO] Profiles total count: 1
2026-08-13 08:32:08.115: [INFO] Profile: name=Profile 1 path=C:\Users\Hi\HRMS-Portal\.metadata\.plugins\org.eclipse.swt\EBWebView\Default lastActive=2026-08-12T14:48:55.186Z
2026-08-13 08:32:08.115: [INFO] LastUsedProfileDir: C:\Users\Hi\HRMS-Portal\.metadata\.plugins\org.eclipse.swt\EBWebView\Default
2026-08-13 08:32:08.115: [INFO] MostRecentlyActiveProfile: name=Profile 1 path=C:\Users\Hi\HRMS-Portal\.metadata\.plugins\org.eclipse.swt\EBWebView\Default lastActive=2026-08-12T14:48:55.186Z
2026-08-13 08:32:08.115: [INFO] OnDoneLoading sync enabled: 0
2026-08-13 08:32:08.115: [INFO] BookmarkModelLoaded, ids_reassigned: 0
2026-08-13 08:32:08.115: [INFO] BookmarksLoadDropped droppedNodes=0
2026-08-13 08:32:08.115: [INFO] BookmarksSnapshot Startup total=0 bar=0 other=0 mobile=0 showBar=0 showBarNTP=1
2026-08-13 08:32:18.099: [INFO] BookmarksSnapshot Shutdown total=0 bar=0 other=0 mobile=0 showBar=0 showBarNTP=1
2026-08-13 09:31:26.300: [INFO] CurrentProfilePath: C:\Users\Hi\HRMS-Portal\.metadata\.plugins\org.eclipse.swt\EBWebView\Default
2026-08-13 09:31:26.300: [INFO] Profiles total count: 1
2026-08-13 09:31:26.301: [INFO] Profile: name=Profile 1 path=C:\Users\Hi\HRMS-Portal\.metadata\.plugins\org.eclipse.swt\EBWebView\Default lastActive=2026-08-12T14:48:55.186Z
2026-08-13 09:31:26.301: [INFO] LastUsedProfileDir: C:\Users\Hi\HRMS-Portal\.metadata\.plugins\org.eclipse.swt\EBWebView\Default
2026-08-13 09:31:26.301: [INFO] MostRecentlyActiveProfile: name=Profile 1 path=C:\Users\Hi\HRMS-Portal\.metadata\.plugins\org.eclipse.swt\EBWebView\Default lastActive=2026-08-12T14:48:55.186Z
2026-08-13 09:31:26.301: [INFO] OnDoneLoading sync enabled: 0
2026-08-13 09:31:26.301: [INFO] BookmarkModelLoaded, ids_reassigned: 0
2026-08-13 09:31:26.301: [INFO] BookmarksLoadDropped droppedNodes=0
2026-08-13 09:31:26.301: [INFO] BookmarksSnapshot Startup total=0 bar=0 other=0 mobile=0 showBar=0 showBarNTP=1
2026-08-13 09:32:17.399: [INFO] BookmarksSnapshot Shutdown total=0 bar=0 other=0 mobile=0 showBar=0 showBarNTP=1
2026-08-13 09:39:38.661: [INFO] CurrentProfilePath: C:\Users\Hi\HRMS-Portal\.metadata\.plugins\org.eclipse.swt\EBWebView\Default
2026-08-13 09:39:38.661: [INFO] Profiles total count: 1
2026-08-13 09:39:38.662: [INFO] Profile: name=Profile 1 path=C:\Users\Hi\HRMS-Portal\.metadata\.plugins\org.eclipse.swt\EBWebView\Default lastActive=2026-08-12T14:48:55.186Z
2026-08-13 09:39:38.662: [INFO] LastUsedProfileDir: C:\Users\Hi\HRMS-Portal\.metadata\.plugins\org.eclipse.swt\EBWebView\Default
2026-08-13 09:39:38.663: [INFO] MostRecentlyActiveProfile: name=Profile 1 path=C:\Users\Hi\HRMS-Portal\.metadata\.plugins\org.eclipse.swt\EBWebView\Default lastActive=2026-08-12T14:48:55.186Z
2026-08-13 09:39:38.663: [INFO] OnDoneLoading sync enabled: 0
2026-08-13 09:39:38.663: [INFO] BookmarkModelLoaded, ids_reassigned: 0
2026-08-13 09:39:38.663: [INFO] BookmarksLoadDropped droppedNodes=0
2026-08-13 09:39:38.663: [INFO] BookmarksSnapshot Startup total=0 bar=0 other=0 mobile=0 showBar=0 showBarNTP=1
2026-08-13 10:42:40.931: [INFO] BookmarksSnapshot Shutdown total=0 bar=0 other=0 mobile=0 showBar=0 showBarNTP=1
2026-08-13 14:37:55.247: [INFO] CurrentProfilePath: C:\Users\Hi\HRMS-Portal\.metadata\.plugins\org.eclipse.swt\EBWebView\Default
2026-08-13 14:37:55.247: [INFO] Profiles total count: 1
2026-08-13 14:37:55.251: [INFO] Profile: name=Profile 1 path=C:\Users\Hi\HRMS-Portal\.metadata\.plugins\org.eclipse.swt\EBWebView\Default lastActive=2026-08-12T14:48:55.186Z
2026-08-13 14:37:55.251: [INFO] LastUsedProfileDir: C:\Users\Hi\HRMS-Portal\.metadata\.plugins\org.eclipse.swt\EBWebView\Default
2026-08-13 14:37:55.251: [INFO] MostRecentlyActiveProfile: name=Profile 1 path=C:\Users\Hi\HRMS-Portal\.metadata\.plugins\org.eclipse.swt\EBWebView\Default lastActive=2026-08-12T14:48:55.186Z
2026-08-13 14:37:55.251: [INFO] OnDoneLoading sync enabled: 0
2026-08-13 14:37:55.251: [INFO] BookmarkModelLoaded, ids_reassigned: 0
2026-08-13 14:37:55.251: [INFO] BookmarksLoadDropped droppedNodes=0
2026-08-13 14:37:55.251: [INFO] BookmarksSnapshot Startup total=0 bar=0 other=0 mobile=0 showBar=0 showBarNTP=1
2026-08-13 16:37:30.753: [INFO] BookmarksSnapshot Shutdown total=0 bar=0 other=0 mobile=0 showBar=0 showBarNTP=1
2026-08-14 09:54:46.893: [INFO] CurrentProfilePath: C:\Users\Hi\HRMS-Portal\.metadata\.plugins\org.eclipse.swt\EBWebView\Default
2026-08-14 09:54:46.893: [INFO] Profiles total count: 1
2026-08-14 09:54:46.896: [INFO] Profile: name=Profile 1 path=C:\Users\Hi\HRMS-Portal\.metadata\.plugins\org.eclipse.swt\EBWebView\Default lastActive=2026-08-13T14:43:50.152Z
2026-08-14 09:54:46.896: [INFO] LastUsedProfileDir: C:\Users\Hi\HRMS-Portal\.metadata\.plugins\org.eclipse.swt\EBWebView\Default
2026-08-14 09:54:46.896: [INFO] MostRecentlyActiveProfile: name=Profile 1 path=C:\Users\Hi\HRMS-Portal\.metadata\.plugins\org.eclipse.swt\EBWebView\Default lastActive=2026-08-13T14:43:50.152Z
2026-08-14 09:54:46.896: [INFO] OnDoneLoading sync enabled: 0
2026-08-14 09:54:46.896: [INFO] BookmarkModelLoaded, ids_reassigned: 0
2026-08-14 09:54:46.896: [INFO] BookmarksLoadDropped droppedNodes=0
2026-08-14 09:54:46.896: [INFO] BookmarksSnapshot Startup total=0 bar=0 other=0 mobile=0 showBar=0 showBarNTP=1
2026-08-14 10:14:06.957: [INFO] BookmarksSnapshot Shutdown total=0 bar=0 other=0 mobile=0 showBar=0 showBarNTP=1
2026-08-17 04:23:37.299: [INFO] CurrentProfilePath: C:\Users\Hi\HRMS-Portal\.metadata\.plugins\org.eclipse.swt\EBWebView\Default
2026-08-17 04:23:37.299: [INFO] Profiles total count: 1
2026-08-17 04:23:37.305: [INFO] Profile: name=Profile 1 path=C:\Users\Hi\HRMS-Portal\.metadata\.plugins\org.eclipse.swt\EBWebView\Default lastActive=2026-08-14T10:20:34.883Z
2026-08-17 04:23:37.305: [INFO] LastUsedProfileDir: C:\Users\Hi\HRMS-Portal\.metadata\.plugins\org.eclipse.swt\EBWebView\Default
2026-08-17 04:23:37.305: [INFO] MostRecentlyActiveProfile: name=Profile 1 path=C:\Users\Hi\HRMS-Portal\.metadata\.plugins\org.eclipse.swt\EBWebView\Default lastActive=2026-08-14T10:20:34.883Z
2026-08-17 04:23:37.305: [INFO] OnDoneLoading sync enabled: 0
2026-08-17 04:23:37.305: [INFO] BookmarkModelLoaded, ids_reassigned: 0
2026-08-17 04:23:37.305: [INFO] BookmarksLoadDropped droppedNodes=0
2026-08-17 04:23:37.305: [INFO] BookmarksSnapshot Startup total=0 bar=0 other=0 mobile=0 showBar=0 showBarNTP=1
2026-08-17 04:23:45.936: [INFO] BookmarksSnapshot Shutdown total=0 bar=0 other=0 mobile=0 showBar=0 showBarNTP=1
2026-08-17 07:14:52.936: [INFO] CurrentProfilePath: C:\Users\Hi\HRMS-Portal\.metadata\.plugins\org.eclipse.swt\EBWebView\Default
2026-08-17 07:14:52.936: [INFO] Profiles total count: 1
2026-08-17 07:14:52.940: [INFO] Profile: name=Profile 1 path=C:\Users\Hi\HRMS-Portal\.metadata\.plugins\org.eclipse.swt\EBWebView\Default lastActive=2026-08-14T10:20:34.883Z
2026-08-17 07:14:52.940: [INFO] LastUsedProfileDir: C:\Users\Hi\HRMS-Portal\.metadata\.plugins\org.eclipse.swt\EBWebView\Default
2026-08-17 07:14:52.940: [INFO] MostRecentlyActiveProfile: name=Profile 1 path=C:\Users\Hi\HRMS-Portal\.metadata\.plugins\org.eclipse.swt\EBWebView\Default lastActive=2026-08-14T10:20:34.883Z
2026-08-17 07:14:52.940: [INFO] OnDoneLoading sync enabled: 0
2026-08-17 07:14:52.940: [INFO] BookmarkModelLoaded, ids_reassigned: 0
2026-08-17 07:14:52.940: [INFO] BookmarksLoadDropped droppedNodes=0
2026-08-17 07:14:52.940: [INFO] BookmarksSnapshot Startup total=0 bar=0 other=0 mobile=0 showBar=0 showBarNTP=1
2026-08-17 08:26:53.352: [INFO] BookmarksSnapshot Shutdown total=0 bar=0 other=0 mobile=0 showBar=0 showBarNTP=1
2026-08-17 09:35:18.339: [INFO] CurrentProfilePath: C:\Users\Hi\HRMS-Portal\.metadata\.plugins\org.eclipse.swt\EBWebView\Default
2026-08-17 09:35:18.339: [INFO] Profiles total count: 1
2026-08-17 09:35:18.342: [INFO] Profile: name=Profile 1 path=C:\Users\Hi\HRMS-Portal\.metadata\.plugins\org.eclipse.swt\EBWebView\Default lastActive=2026-08-14T10:20:34.883Z
2026-08-17 09:35:18.342: [INFO] LastUsedProfileDir: C:\Users\Hi\HRMS-Portal\.metadata\.plugins\org.eclipse.swt\EBWebView\Default
2026-08-17 09:35:18.342: [INFO] MostRecentlyActiveProfile: name=Profile 1 path=C:\Users\Hi\HRMS-Portal\.metadata\.plugins\org.eclipse.swt\EBWebView\Default lastActive=2026-08-14T10:20:34.883Z
2026-08-17 09:35:18.342: [INFO] OnDoneLoading sync enabled: 0
2026-08-17 09:35:18.342: [INFO] BookmarkModelLoaded, ids_reassigned: 0
2026-08-17 09:35:18.342: [INFO] BookmarksLoadDropped droppedNodes=0
2026-08-17 09:35:18.342: [INFO] BookmarksSnapshot Startup total=0 bar=0 other=0 mobile=0 showBar=0 showBarNTP=1
2026-08-17 09:52:39.369: [INFO] BookmarksSnapshot Shutdown total=0 bar=0 other=0 mobile=0 showBar=0 showBarNTP=1
2026-08-17 10:00:03.933: [INFO] CurrentProfilePath: C:\Users\Hi\HRMS-Portal\.metadata\.plugins\org.eclipse.swt\EBWebView\Default
2026-08-17 10:00:03.933: [INFO] Profiles total count: 1
2026-08-17 10:00:03.935: [INFO] Profile: name=Profile 1 path=C:\Users\Hi\HRMS-Portal\.metadata\.plugins\org.eclipse.swt\EBWebView\Default lastActive=2026-08-14T10:20:34.883Z
2026-08-17 10:00:03.935: [INFO] LastUsedProfileDir: C:\Users\Hi\HRMS-Portal\.metadata\.plugins\org.eclipse.swt\EBWebView\Default
2026-08-17 10:00:03.935: [INFO] MostRecentlyActiveProfile: name=Profile 1 path=C:\Users\Hi\HRMS-Portal\.metadata\.plugins\org.eclipse.swt\EBWebView\Default lastActive=2026-08-14T10:20:34.883Z
2026-08-17 10:00:03.935: [INFO] OnDoneLoading sync enabled: 0
2026-08-17 10:00:03.935: [INFO] BookmarkModelLoaded, ids_reassigned: 0
2026-08-17 10:00:03.935: [INFO] BookmarksLoadDropped droppedNodes=0
2026-08-17 10:00:03.935: [INFO] BookmarksSnapshot Startup total=0 bar=0 other=0 mobile=0 showBar=0 showBarNTP=1
2026-08-17 11:00:26.351: [INFO] BookmarksSnapshot Shutdown total=0 bar=0 other=0 mobile=0 showBar=0 showBarNTP=1
2026-08-17 11:03:55.173: [INFO] CurrentProfilePath: C:\Users\Hi\HRMS-Portal\.metadata\.plugins\org.eclipse.swt\EBWebView\Default
2026-08-17 11:03:55.173: [INFO] Profiles total count: 1
2026-08-17 11:03:55.177: [INFO] Profile: name=Profile 1 path=C:\Users\Hi\HRMS-Portal\.metadata\.plugins\org.eclipse.swt\EBWebView\Default lastActive=2026-08-14T10:20:34.883Z
2026-08-17 11:03:55.177: [INFO] LastUsedProfileDir: C:\Users\Hi\HRMS-Portal\.metadata\.plugins\org.eclipse.swt\EBWebView\Default
2026-08-17 11:03:55.177: [INFO] MostRecentlyActiveProfile: name=Profile 1 path=C:\Users\Hi\HRMS-Portal\.metadata\.plugins\org.eclipse.swt\EBWebView\Default lastActive=2026-08-14T10:20:34.883Z
2026-08-17 11:03:55.177: [INFO] OnDoneLoading sync enabled: 0
2026-08-17 11:03:55.177: [INFO] BookmarkModelLoaded, ids_reassigned: 0
2026-08-17 11:03:55.177: [INFO] BookmarksLoadDropped droppedNodes=0
2026-08-17 11:03:55.178: [INFO] BookmarksSnapshot Startup total=0 bar=0 other=0 mobile=0 showBar=0 showBarNTP=1
2026-08-17 11:04:24.466: [INFO] BookmarksSnapshot Shutdown total=0 bar=0 other=0 mobile=0 showBar=0 showBarNTP=1
2026-08-17 11:11:54.268: [INFO] CurrentProfilePath: C:\Users\Hi\HRMS-Portal\.metadata\.plugins\org.eclipse.swt\EBWebView\Default
2026-08-17 11:11:54.268: [INFO] Profiles total count: 1
2026-08-17 11:11:54.271: [INFO] Profile: name=Profile 1 path=C:\Users\Hi\HRMS-Portal\.metadata\.plugins\org.eclipse.swt\EBWebView\Default lastActive=2026-08-14T10:20:34.883Z
2026-08-17 11:11:54.271: [INFO] LastUsedProfileDir: C:\Users\Hi\HRMS-Portal\.metadata\.plugins\org.eclipse.swt\EBWebView\Default
2026-08-17 11:11:54.272: [INFO] MostRecentlyActiveProfile: name=Profile 1 path=C:\Users\Hi\HRMS-Portal\.metadata\.plugins\org.eclipse.swt\EBWebView\Default lastActive=2026-08-14T10:20:34.883Z
2026-08-17 11:11:54.272: [INFO] OnDoneLoading sync enabled: 0
2026-08-17 11:11:54.272: [INFO] BookmarkModelLoaded, ids_reassigned: 0
2026-08-17 11:11:54.272: [INFO] BookmarksLoadDropped droppedNodes=0
2026-08-17 11:11:54.272: [INFO] BookmarksSnapshot Startup total=0 bar=0 other=0 mobile=0 showBar=0 showBarNTP=1
2026-08-17 11:12:49.152: [INFO] BookmarksSnapshot Shutdown total=0 bar=0 other=0 mobile=0 showBar=0 showBarNTP=1
2026-08-17 11:18:12.528: [INFO] CurrentProfilePath: C:\Users\Hi\HRMS-Portal\.metadata\.plugins\org.eclipse.swt\EBWebView\Default
2026-08-17 11:18:12.528: [INFO] Profiles total count: 1
2026-08-17 11:18:12.530: [INFO] Profile: name=Profile 1 path=C:\Users\Hi\HRMS-Portal\.metadata\.plugins\org.eclipse.swt\EBWebView\Default lastActive=2026-08-14T10:20:34.883Z
2026-08-17 11:18:12.530: [INFO] LastUsedProfileDir: C:\Users\Hi\HRMS-Portal\.metadata\.plugins\org.eclipse.swt\EBWebView\Default
2026-08-17 11:18:12.531: [INFO] MostRecentlyActiveProfile: name=Profile 1 path=C:\Users\Hi\HRMS-Portal\.metadata\.plugins\org.eclipse.swt\EBWebView\Default lastActive=2026-08-14T10:20:34.883Z
2026-08-17 11:18:12.531: [INFO] OnDoneLoading sync enabled: 0
2026-08-17 11:18:12.531: [INFO] BookmarkModelLoaded, ids_reassigned: 0
2026-08-17 11:18:12.531: [INFO] BookmarksLoadDropped droppedNodes=0
2026-08-17 11:18:12.531: [INFO] BookmarksSnapshot Startup total=0 bar=0 other=0 mobile=0 showBar=0 showBarNTP=1
2026-08-17 11:18:50.601: [INFO] BookmarksSnapshot Shutdown total=0 bar=0 other=0 mobile=0 showBar=0 showBarNTP=1
2026-08-17 11:25:24.926: [INFO] CurrentProfilePath: C:\Users\Hi\HRMS-Portal\.metadata\.plugins\org.eclipse.swt\EBWebView\Default
2026-08-17 11:25:24.926: [INFO] Profiles total count: 1
2026-08-17 11:25:24.929: [INFO] Profile: name=Profile 1 path=C:\Users\Hi\HRMS-Portal\.metadata\.plugins\org.eclipse.swt\EBWebView\Default lastActive=2026-08-14T10:20:34.883Z
2026-08-17 11:25:24.929: [INFO] LastUsedProfileDir: C:\Users\Hi\HRMS-Portal\.metadata\.plugins\org.eclipse.swt\EBWebView\Default
2026-08-17 11:25:24.929: [INFO] MostRecentlyActiveProfile: name=Profile 1 path=C:\Users\Hi\HRMS-Portal\.metadata\.plugins\org.eclipse.swt\EBWebView\Default lastActive=2026-08-14T10:20:34.883Z
2026-08-17 11:25:24.929: [INFO] OnDoneLoading sync enabled: 0
2026-08-17 11:25:24.929: [INFO] BookmarkModelLoaded, ids_reassigned: 0
2026-08-17 11:25:24.929: [INFO] BookmarksLoadDropped droppedNodes=0
2026-08-17 11:25:24.929: [INFO] BookmarksSnapshot Startup total=0 bar=0 other=0 mobile=0 showBar=0 showBarNTP=1
2026-08-17 11:25:50.641: [INFO] BookmarksSnapshot Shutdown total=0 bar=0 other=0 mobile=0 showBar=0 showBarNTP=1
2026-08-17 11:27:05.993: [INFO] CurrentProfilePath: C:\Users\Hi\HRMS-Portal\.metadata\.plugins\org.eclipse.swt\EBWebView\Default
2026-08-17 11:27:05.993: [INFO] Profiles total count: 1
2026-08-17 11:27:05.996: [INFO] Profile: name=Profile 1 path=C:\Users\Hi\HRMS-Portal\.metadata\.plugins\org.eclipse.swt\EBWebView\Default lastActive=2026-08-14T10:20:34.883Z
2026-08-17 11:27:05.996: [INFO] LastUsedProfileDir: C:\Users\Hi\HRMS-Portal\.metadata\.plugins\org.eclipse.swt\EBWebView\Default
2026-08-17 11:27:05.996: [INFO] MostRecentlyActiveProfile: name=Profile 1 path=C:\Users\Hi\HRMS-Portal\.metadata\.plugins\org.eclipse.swt\EBWebView\Default lastActive=2026-08-14T10:20:34.883Z
2026-08-17 11:27:05.996: [INFO] OnDoneLoading sync enabled: 0
2026-08-17 11:27:05.996: [INFO] BookmarkModelLoaded, ids_reassigned: 0
2026-08-17 11:27:05.996: [INFO] BookmarksLoadDropped droppedNodes=0
2026-08-17 11:27:05.996: [INFO] BookmarksSnapshot Startup total=0 bar=0 other=0 mobile=0 showBar=0 showBarNTP=1
2026-08-17 12:28:58.398: [INFO] BookmarksSnapshot Shutdown total=0 bar=0 other=0 mobile=0 showBar=0 showBarNTP=1
2026-08-17 15:24:14.208: [INFO] CurrentProfilePath: C:\Users\Hi\HRMS-Portal\.metadata\.plugins\org.eclipse.swt\EBWebView\Default
2026-08-17 15:24:14.208: [INFO] Profiles total count: 1
2026-08-17 15:24:14.211: [INFO] Profile: name=Profile 1 path=C:\Users\Hi\HRMS-Portal\.metadata\.plugins\org.eclipse.swt\EBWebView\Default lastActive=2026-08-14T10:20:34.883Z
2026-08-17 15:24:14.211: [INFO] LastUsedProfileDir: C:\Users\Hi\HRMS-Portal\.metadata\.plugins\org.eclipse.swt\EBWebView\Default
2026-08-17 15:24:14.211: [INFO] MostRecentlyActiveProfile: name=Profile 1 path=C:\Users\Hi\HRMS-Portal\.metadata\.plugins\org.eclipse.swt\EBWebView\Default lastActive=2026-08-14T10:20:34.883Z
2026-08-17 15:24:14.211: [INFO] OnDoneLoading sync enabled: 0
2026-08-17 15:24:14.211: [INFO] BookmarkModelLoaded, ids_reassigned: 0
2026-08-17 15:24:14.212: [INFO] BookmarksLoadDropped droppedNodes=0
2026-08-17 15:24:14.212: [INFO] BookmarksSnapshot Startup total=0 bar=0 other=0 mobile=0 showBar=0 showBarNTP=1
2026-08-17 15:52:32.415: [INFO] BookmarksSnapshot Shutdown total=0 bar=0 other=0 mobile=0 showBar=0 showBarNTP=1
2026-08-18 04:22:04.405: [INFO] CurrentProfilePath: C:\Users\Hi\HRMS-Portal\.metadata\.plugins\org.eclipse.swt\EBWebView\Default
2026-08-18 04:22:04.405: [INFO] Profiles total count: 1
2026-08-18 04:22:04.583: [INFO] Profile: name=Profile 1 path=C:\Users\Hi\HRMS-Portal\.metadata\.plugins\org.eclipse.swt\EBWebView\Default lastActive=2026-08-14T10:20:34.883Z
2026-08-18 04:22:04.583: [INFO] LastUsedProfileDir: C:\Users\Hi\HRMS-Portal\.metadata\.plugins\org.eclipse.swt\EBWebView\Default
2026-08-18 04:22:04.583: [INFO] MostRecentlyActiveProfile: name=Profile 1 path=C:\Users\Hi\HRMS-Portal\.metadata\.plugins\org.eclipse.swt\EBWebView\Default lastActive=2026-08-14T10:20:34.883Z
2026-08-18 04:22:04.583: [INFO] OnDoneLoading sync enabled: 0
2026-08-18 04:22:04.583: [INFO] BookmarkModelLoaded, ids_reassigned: 0
2026-08-18 04:22:04.583: [INFO] BookmarksLoadDropped droppedNodes=0
2026-08-18 04:22:04.583: [INFO] BookmarksSnapshot Startup total=0 bar=0 other=0 mobile=0 showBar=0 showBarNTP=1
2026-08-18 04:23:15.866: [INFO] BookmarksSnapshot Shutdown total=0 bar=0 other=0 mobile=0 showBar=0 showBarNTP=1
2026-08-18 05:44:34.713: [INFO] CurrentProfilePath: C:\Users\Hi\HRMS-Portal\.metadata\.plugins\org.eclipse.swt\EBWebView\Default
2026-08-18 05:44:34.713: [INFO] Profiles total count: 1
2026-08-18 05:44:34.715: [INFO] Profile: name=Profile 1 path=C:\Users\Hi\HRMS-Portal\.metadata\.plugins\org.eclipse.swt\EBWebView\Default lastActive=2026-08-18T04:23:11.477Z
2026-08-18 05:44:34.715: [INFO] LastUsedProfileDir: C:\Users\Hi\HRMS-Portal\.metadata\.plugins\org.eclipse.swt\EBWebView\Default
2026-08-18 05:44:34.715: [INFO] MostRecentlyActiveProfile: name=Profile 1 path=C:\Users\Hi\HRMS-Portal\.metadata\.plugins\org.eclipse.swt\EBWebView\Default lastActive=2026-08-18T04:23:11.477Z
2026-08-18 05:44:34.715: [INFO] OnDoneLoading sync enabled: 0
2026-08-18 05:44:34.715: [INFO] BookmarkModelLoaded, ids_reassigned: 0
2026-08-18 05:44:34.715: [INFO] BookmarksLoadDropped droppedNodes=0
2026-08-18 05:44:34.715: [INFO] BookmarksSnapshot Startup total=0 bar=0 other=0 mobile=0 showBar=0 showBarNTP=1
2026-08-18 07:12:14.845: [INFO] BookmarksSnapshot Shutdown total=0 bar=0 other=0 mobile=0 showBar=0 showBarNTP=1
2026-08-18 08:32:27.248: [INFO] CurrentProfilePath: C:\Users\Hi\HRMS-Portal\.metadata\.plugins\org.eclipse.swt\EBWebView\Default
2026-08-18 08:32:27.248: [INFO] Profiles total count: 1
2026-08-18 08:32:27.258: [INFO] Profile: name=Profile 1 path=C:\Users\Hi\HRMS-Portal\.metadata\.plugins\org.eclipse.swt\EBWebView\Default lastActive=2026-08-18T04:23:11.477Z
2026-08-18 08:32:27.258: [INFO] LastUsedProfileDir: C:\Users\Hi\HRMS-Portal\.metadata\.plugins\org.eclipse.swt\EBWebView\Default
2026-08-18 08:32:27.258: [INFO] MostRecentlyActiveProfile: name=Profile 1 path=C:\Users\Hi\HRMS-Portal\.metadata\.plugins\org.eclipse.swt\EBWebView\Default lastActive=2026-08-18T04:23:11.477Z
2026-08-18 08:32:27.258: [INFO] OnDoneLoading sync enabled: 0
2026-08-18 08:32:27.258: [INFO] BookmarkModelLoaded, ids_reassigned: 0
2026-08-18 08:32:27.258: [INFO] BookmarksLoadDropped droppedNodes=0
2026-08-18 08:32:27.258: [INFO] BookmarksSnapshot Startup total=0 bar=0 other=0 mobile=0 showBar=0 showBarNTP=1
2026-08-18 08:32:40.430: [INFO] BookmarksSnapshot Shutdown total=0 bar=0 other=0 mobile=0 showBar=0 showBarNTP=1
2026-08-18 08:33:38.897: [INFO] CurrentProfilePath: C:\Users\Hi\HRMS-Portal\.metadata\.plugins\org.eclipse.swt\EBWebView\Default
2026-08-18 08:33:38.897: [INFO] Profiles total count: 1
2026-08-18 08:33:38.900: [INFO] Profile: name=Profile 1 path=C:\Users\Hi\HRMS-Portal\.metadata\.plugins\org.eclipse.swt\EBWebView\Default lastActive=2026-08-18T08:32:39.236Z
2026-08-18 08:33:38.900: [INFO] LastUsedProfileDir: C:\Users\Hi\HRMS-Portal\.metadata\.plugins\org.eclipse.swt\EBWebView\Default
2026-08-18 08:33:38.900: [INFO] MostRecentlyActiveProfile: name=Profile 1 path=C:\Users\Hi\HRMS-Portal\.metadata\.plugins\org.eclipse.swt\EBWebView\Default lastActive=2026-08-18T08:32:39.236Z
2026-08-18 08:33:38.900: [INFO] OnDoneLoading sync enabled: 0
2026-08-18 08:33:38.900: [INFO] BookmarkModelLoaded, ids_reassigned: 0
2026-08-18 08:33:38.900: [INFO] BookmarksLoadDropped droppedNodes=0
2026-08-18 08:33:38.900: [INFO] BookmarksSnapshot Startup total=0 bar=0 other=0 mobile=0 showBar=0 showBarNTP=1
2026-08-18 08:45:09.201: [INFO] BookmarksSnapshot Shutdown total=0 bar=0 other=0 mobile=0 showBar=0 showBarNTP=1
